[0.089s] DEBUG:colcon:Command line arguments: ['/usr/bin/colcon', 'build']
[0.089s] DEBUG:colcon:Parsed command line arguments: Namespace(log_base=None, log_level=None, verb_name='build', build_base='build', install_base='install', merge_install=False, symlink_install=False, test_result_base=None, continue_on_error=False, executor='parallel', parallel_workers=8, event_handlers=None, ignore_user_meta=False, metas=['./colcon.meta'], base_paths=['.'], packages_ignore=None, packages_ignore_regex=None, paths=None, packages_up_to=None, packages_up_to_regex=None, packages_above=None, packages_above_and_dependencies=None, packages_above_depth=None, packages_select_by_dep=None, packages_skip_by_dep=None, packages_skip_up_to=None, packages_select_build_failed=False, packages_skip_build_finished=False, packages_select_test_failures=False, packages_skip_test_passed=False, packages_select=None, packages_skip=None, packages_select_regex=None, packages_skip_regex=None, packages_start=None, packages_end=None, allow_overriding=[], cmake_args=None, cmake_target=None, cmake_target_skip_unavailable=False, cmake_clean_cache=False, cmake_clean_first=False, cmake_force_configure=False, ament_cmake_args=None, catkin_cmake_args=None, catkin_skip_building_tests=False, mixin_files=None, mixin=None, verb_parser=<colcon_mixin.mixin.mixin_argument.MixinArgumentDecorator object at 0x78744b09a8a0>, verb_extension=<colcon_core.verb.build.BuildVerb object at 0x78744b1bf110>, main=<bound method BuildVerb.main of <colcon_core.verb.build.BuildVerb object at 0x78744b1bf110>>, mixin_verb=('build',))
[0.118s] Level 1:colcon.colcon_core.package_discovery:discover_packages(colcon_meta) check parameters
[0.118s] Level 1:colcon.colcon_core.package_discovery:discover_packages(recursive) check parameters
[0.118s] Level 1:colcon.colcon_core.package_discovery:discover_packages(ignore) check parameters
[0.118s] Level 1:colcon.colcon_core.package_discovery:discover_packages(path) check parameters
[0.118s] Level 1:colcon.colcon_core.package_discovery:discover_packages(colcon_meta) discover
[0.118s] Level 1:colcon.colcon_core.package_discovery:discover_packages(recursive) discover
[0.118s] INFO:colcon.colcon_core.package_discovery:Crawling recursively for packages in '/home/kand0007/ros_ws/src/Intelligent-Robotics-Final-Project'
[0.118s] Level 1:colcon.colcon_core.package_identification:_identify(.) by extensions ['ignore', 'ignore_ament_install']
[0.118s] Level 1:colcon.colcon_core.package_identification:_identify(.) by extension 'ignore'
[0.118s] Level 1:colcon.colcon_core.package_identification:_identify(.) by extension 'ignore_ament_install'
[0.118s] Level 1:colcon.colcon_core.package_identification:_identify(.) by extensions ['colcon_pkg']
[0.118s] Level 1:colcon.colcon_core.package_identification:_identify(.) by extension 'colcon_pkg'
[0.118s] Level 1:colcon.colcon_core.package_identification:_identify(.) by extensions ['colcon_meta']
[0.118s] Level 1:colcon.colcon_core.package_identification:_identify(.) by extension 'colcon_meta'
[0.118s] Level 1:colcon.colcon_core.package_identification:_identify(.) by extensions ['ros']
[0.118s] Level 1:colcon.colcon_core.package_identification:_identify(.) by extension 'ros'
[0.137s] Level 1:colcon.colcon_core.package_identification:_identify(.) by extensions ['cmake', 'python']
[0.137s] Level 1:colcon.colcon_core.package_identification:_identify(.) by extension 'cmake'
[0.138s] Level 1:colcon.colcon_core.package_identification:_identify(.) by extension 'python'
[0.138s] Level 1:colcon.colcon_core.package_identification:_identify(.) by extensions ['python_setup_py']
[0.138s] Level 1:colcon.colcon_core.package_identification:_identify(.) by extension 'python_setup_py'
[0.138s] Level 1:colcon.colcon_core.package_identification:_identify(bags) by extensions ['ignore', 'ignore_ament_install']
[0.138s] Level 1:colcon.colcon_core.package_identification:_identify(bags) by extension 'ignore'
[0.138s] Level 1:colcon.colcon_core.package_identification:_identify(bags) by extension 'ignore_ament_install'
[0.138s] Level 1:colcon.colcon_core.package_identification:_identify(bags) by extensions ['colcon_pkg']
[0.138s] Level 1:colcon.colcon_core.package_identification:_identify(bags) by extension 'colcon_pkg'
[0.138s] Level 1:colcon.colcon_core.package_identification:_identify(bags) by extensions ['colcon_meta']
[0.138s] Level 1:colcon.colcon_core.package_identification:_identify(bags) by extension 'colcon_meta'
[0.138s] Level 1:colcon.colcon_core.package_identification:_identify(bags) by extensions ['ros']
[0.138s] Level 1:colcon.colcon_core.package_identification:_identify(bags) by extension 'ros'
[0.138s] Level 1:colcon.colcon_core.package_identification:_identify(bags) by extensions ['cmake', 'python']
[0.138s] Level 1:colcon.colcon_core.package_identification:_identify(bags) by extension 'cmake'
[0.138s] Level 1:colcon.colcon_core.package_identification:_identify(bags) by extension 'python'
[0.138s] Level 1:colcon.colcon_core.package_identification:_identify(bags) by extensions ['python_setup_py']
[0.138s] Level 1:colcon.colcon_core.package_identification:_identify(bags) by extension 'python_setup_py'
[0.138s] Level 1:colcon.colcon_core.package_identification:_identify(build) by extensions ['ignore', 'ignore_ament_install']
[0.138s] Level 1:colcon.colcon_core.package_identification:_identify(build) by extension 'ignore'
[0.138s] Level 1:colcon.colcon_core.package_identification:_identify(build) ignored
[0.138s] Level 1:colcon.colcon_core.package_identification:_identify(install) by extensions ['ignore', 'ignore_ament_install']
[0.138s] Level 1:colcon.colcon_core.package_identification:_identify(install) by extension 'ignore'
[0.139s] Level 1:colcon.colcon_core.package_identification:_identify(install) ignored
[0.139s] Level 1:colcon.colcon_core.package_identification:_identify(log) by extensions ['ignore', 'ignore_ament_install']
[0.139s] Level 1:colcon.colcon_core.package_identification:_identify(log) by extension 'ignore'
[0.139s] Level 1:colcon.colcon_core.package_identification:_identify(log) ignored
[0.139s] Level 1:colcon.colcon_core.package_identification:_identify(src) by extensions ['ignore', 'ignore_ament_install']
[0.139s] Level 1:colcon.colcon_core.package_identification:_identify(src) by extension 'ignore'
[0.139s] Level 1:colcon.colcon_core.package_identification:_identify(src) by extension 'ignore_ament_install'
[0.139s] Level 1:colcon.colcon_core.package_identification:_identify(src) by extensions ['colcon_pkg']
[0.139s] Level 1:colcon.colcon_core.package_identification:_identify(src) by extension 'colcon_pkg'
[0.139s] Level 1:colcon.colcon_core.package_identification:_identify(src) by extensions ['colcon_meta']
[0.139s] Level 1:colcon.colcon_core.package_identification:_identify(src) by extension 'colcon_meta'
[0.139s] Level 1:colcon.colcon_core.package_identification:_identify(src) by extensions ['ros']
[0.139s] Level 1:colcon.colcon_core.package_identification:_identify(src) by extension 'ros'
[0.139s] Level 1:colcon.colcon_core.package_identification:_identify(src) by extensions ['cmake', 'python']
[0.139s] Level 1:colcon.colcon_core.package_identification:_identify(src) by extension 'cmake'
[0.139s] Level 1:colcon.colcon_core.package_identification:_identify(src) by extension 'python'
[0.139s] Level 1:colcon.colcon_core.package_identification:_identify(src) by extensions ['python_setup_py']
[0.139s] Level 1:colcon.colcon_core.package_identification:_identify(src) by extension 'python_setup_py'
[0.139s] Level 1:colcon.colcon_core.package_identification:_identify(src/sec_tour_guide) by extensions ['ignore', 'ignore_ament_install']
[0.139s] Level 1:colcon.colcon_core.package_identification:_identify(src/sec_tour_guide) by extension 'ignore'
[0.139s] Level 1:colcon.colcon_core.package_identification:_identify(src/sec_tour_guide) by extension 'ignore_ament_install'
[0.139s] Level 1:colcon.colcon_core.package_identification:_identify(src/sec_tour_guide) by extensions ['colcon_pkg']
[0.139s] Level 1:colcon.colcon_core.package_identification:_identify(src/sec_tour_guide) by extension 'colcon_pkg'
[0.139s] Level 1:colcon.colcon_core.package_identification:_identify(src/sec_tour_guide) by extensions ['colcon_meta']
[0.140s] Level 1:colcon.colcon_core.package_identification:_identify(src/sec_tour_guide) by extension 'colcon_meta'
[0.140s] Level 1:colcon.colcon_core.package_identification:_identify(src/sec_tour_guide) by extensions ['ros']
[0.140s] Level 1:colcon.colcon_core.package_identification:_identify(src/sec_tour_guide) by extension 'ros'
[0.142s] DEBUG:colcon.colcon_core.package_identification:Package 'src/sec_tour_guide' with type 'ros.ament_python' and name 'sec_tour_guide'
[0.142s] Level 1:colcon.colcon_core.package_identification:_identify(src/twist_mux) by extensions ['ignore', 'ignore_ament_install']
[0.142s] Level 1:colcon.colcon_core.package_identification:_identify(src/twist_mux) by extension 'ignore'
[0.142s] Level 1:colcon.colcon_core.package_identification:_identify(src/twist_mux) by extension 'ignore_ament_install'
[0.142s] Level 1:colcon.colcon_core.package_identification:_identify(src/twist_mux) by extensions ['colcon_pkg']
[0.142s] Level 1:colcon.colcon_core.package_identification:_identify(src/twist_mux) by extension 'colcon_pkg'
[0.142s] Level 1:colcon.colcon_core.package_identification:_identify(src/twist_mux) by extensions ['colcon_meta']
[0.142s] Level 1:colcon.colcon_core.package_identification:_identify(src/twist_mux) by extension 'colcon_meta'
[0.142s] Level 1:colcon.colcon_core.package_identification:_identify(src/twist_mux) by extensions ['ros']
[0.142s] Level 1:colcon.colcon_core.package_identification:_identify(src/twist_mux) by extension 'ros'
[0.142s] Level 1:colcon.colcon_core.package_identification:_identify(src/twist_mux) by extensions ['cmake', 'python']
[0.142s] Level 1:colcon.colcon_core.package_identification:_identify(src/twist_mux) by extension 'cmake'
[0.142s] Level 1:colcon.colcon_core.package_identification:_identify(src/twist_mux) by extension 'python'
[0.142s] Level 1:colcon.colcon_core.package_identification:_identify(src/twist_mux) by extensions ['python_setup_py']
[0.142s] Level 1:colcon.colcon_core.package_identification:_identify(src/twist_mux) by extension 'python_setup_py'
[0.142s] Level 1:colcon.colcon_core.package_discovery:discover_packages(recursive) using defaults
[0.142s] Level 1:colcon.colcon_core.package_discovery:discover_packages(ignore) discover
[0.142s] Level 1:colcon.colcon_core.package_discovery:discover_packages(ignore) using defaults
[0.142s] Level 1:colcon.colcon_core.package_discovery:discover_packages(path) discover
[0.142s] Level 1:colcon.colcon_core.package_discovery:discover_packages(path) using defaults
[0.155s] Level 1:colcon.colcon_core.package_discovery:discover_packages(prefix_path) check parameters
[0.155s] Level 1:colcon.colcon_core.package_discovery:discover_packages(prefix_path) discover
[0.157s] DEBUG:colcon.colcon_installed_package_information.package_discovery:Found 1 installed packages in /home/kand0007/ros_ws/src/Intelligent-Robotics-Final-Project/install
[0.158s] DEBUG:colcon.colcon_installed_package_information.package_discovery:Found 494 installed packages in /opt/ros/jazzy
[0.160s] Level 1:colcon.colcon_core.package_discovery:discover_packages(prefix_path) using defaults
[0.211s] Level 5:colcon.colcon_core.verb:set package 'sec_tour_guide' build argument 'cmake_args' from command line to 'None'
[0.211s] Level 5:colcon.colcon_core.verb:set package 'sec_tour_guide' build argument 'cmake_target' from command line to 'None'
[0.211s] Level 5:colcon.colcon_core.verb:set package 'sec_tour_guide' build argument 'cmake_target_skip_unavailable' from command line to 'False'
[0.211s] Level 5:colcon.colcon_core.verb:set package 'sec_tour_guide' build argument 'cmake_clean_cache' from command line to 'False'
[0.211s] Level 5:colcon.colcon_core.verb:set package 'sec_tour_guide' build argument 'cmake_clean_first' from command line to 'False'
[0.211s] Level 5:colcon.colcon_core.verb:set package 'sec_tour_guide' build argument 'cmake_force_configure' from command line to 'False'
[0.211s] Level 5:colcon.colcon_core.verb:set package 'sec_tour_guide' build argument 'ament_cmake_args' from command line to 'None'
[0.211s] Level 5:colcon.colcon_core.verb:set package 'sec_tour_guide' build argument 'catkin_cmake_args' from command line to 'None'
[0.211s] Level 5:colcon.colcon_core.verb:set package 'sec_tour_guide' build argument 'catkin_skip_building_tests' from command line to 'False'
[0.211s] DEBUG:colcon.colcon_core.verb:Building package 'sec_tour_guide' with the following arguments: {'ament_cmake_args': None, 'build_base': '/home/kand0007/ros_ws/src/Intelligent-Robotics-Final-Project/build/sec_tour_guide', 'catkin_cmake_args': None, 'catkin_skip_building_tests': False, 'cmake_args': None, 'cmake_clean_cache': False, 'cmake_clean_first': False, 'cmake_force_configure': False, 'cmake_target': None, 'cmake_target_skip_unavailable': False, 'install_base': '/home/kand0007/ros_ws/src/Intelligent-Robotics-Final-Project/install/sec_tour_guide', 'merge_install': False, 'path': '/home/kand0007/ros_ws/src/Intelligent-Robotics-Final-Project/src/sec_tour_guide', 'symlink_install': False, 'test_result_base': None}
[0.211s] INFO:colcon.colcon_core.executor:Executing jobs using 'parallel' executor
[0.212s] DEBUG:colcon.colcon_parallel_executor.executor.parallel:run_until_complete
[0.212s] INFO:colcon.colcon_ros.task.ament_python.build:Building ROS package in '/home/kand0007/ros_ws/src/Intelligent-Robotics-Final-Project/src/sec_tour_guide' with build type 'ament_python'
[0.212s] Level 1:colcon.colcon_core.shell:create_environment_hook('sec_tour_guide', 'ament_prefix_path')
[0.214s] INFO:colcon.colcon_core.plugin_system:Skipping extension 'colcon_core.shell.bat': Not used on non-Windows systems
[0.214s] INFO:colcon.colcon_core.shell:Creating environment hook '/home/kand0007/ros_ws/src/Intelligent-Robotics-Final-Project/install/sec_tour_guide/share/sec_tour_guide/hook/ament_prefix_path.ps1'
[0.214s] INFO:colcon.colcon_core.shell:Creating environment descriptor '/home/kand0007/ros_ws/src/Intelligent-Robotics-Final-Project/install/sec_tour_guide/share/sec_tour_guide/hook/ament_prefix_path.dsv'
[0.215s] INFO:colcon.colcon_core.shell:Creating environment hook '/home/kand0007/ros_ws/src/Intelligent-Robotics-Final-Project/install/sec_tour_guide/share/sec_tour_guide/hook/ament_prefix_path.sh'
[0.215s] INFO:colcon.colcon_core.shell:Skip shell extension 'powershell' for command environment: Not usable outside of PowerShell
[0.215s] DEBUG:colcon.colcon_core.shell:Skip shell extension 'dsv' for command environment
[0.419s] INFO:colcon.colcon_core.task.python.build:Building Python package in '/home/kand0007/ros_ws/src/Intelligent-Robotics-Final-Project/src/sec_tour_guide'
[0.419s] INFO:colcon.colcon_core.shell:Skip shell extension 'powershell' for command environment: Not usable outside of PowerShell
[0.419s] DEBUG:colcon.colcon_core.shell:Skip shell extension 'dsv' for command environment
[1.012s] DEBUG:colcon.colcon_core.event_handler.log_command:Invoking command in '/home/kand0007/ros_ws/src/Intelligent-Robotics-Final-Project/src/sec_tour_guide': DEBUGINFOD_URLS=https://debuginfod.ubuntu.com PYTHONPATH=/home/kand0007/ros_ws/src/Intelligent-Robotics-Final-Project/build/sec_tour_guide/prefix_override:/usr/lib/python3/dist-packages/colcon_core/task/python/colcon_distutils_commands:/home/kand0007/ros_ws/src/Intelligent-Robotics-Final-Project/install/sec_tour_guide/lib/python3.12/site-packages:${PYTHONPATH} /usr/bin/python3 -W ignore:setup.py install is deprecated -W ignore:easy_install command is deprecated setup.py egg_info --egg-base ../../build/sec_tour_guide build --build-base /home/kand0007/ros_ws/src/Intelligent-Robotics-Final-Project/build/sec_tour_guide/build install --record /home/kand0007/ros_ws/src/Intelligent-Robotics-Final-Project/build/sec_tour_guide/install.log --single-version-externally-managed install_data
[1.548s] DEBUG:colcon.colcon_core.event_handler.log_command:Invoked command in '/home/kand0007/ros_ws/src/Intelligent-Robotics-Final-Project/src/sec_tour_guide' returned '0': DEBUGINFOD_URLS=https://debuginfod.ubuntu.com PYTHONPATH=/home/kand0007/ros_ws/src/Intelligent-Robotics-Final-Project/build/sec_tour_guide/prefix_override:/usr/lib/python3/dist-packages/colcon_core/task/python/colcon_distutils_commands:/home/kand0007/ros_ws/src/Intelligent-Robotics-Final-Project/install/sec_tour_guide/lib/python3.12/site-packages:${PYTHONPATH} /usr/bin/python3 -W ignore:setup.py install is deprecated -W ignore:easy_install command is deprecated setup.py egg_info --egg-base ../../build/sec_tour_guide build --build-base /home/kand0007/ros_ws/src/Intelligent-Robotics-Final-Project/build/sec_tour_guide/build install --record /home/kand0007/ros_ws/src/Intelligent-Robotics-Final-Project/build/sec_tour_guide/install.log --single-version-externally-managed install_data
[1.550s] Level 1:colcon.colcon_core.environment:checking '/home/kand0007/ros_ws/src/Intelligent-Robotics-Final-Project/install/sec_tour_guide' for CMake module files
[1.550s] Level 1:colcon.colcon_core.environment:checking '/home/kand0007/ros_ws/src/Intelligent-Robotics-Final-Project/install/sec_tour_guide' for CMake config files
[1.551s] Level 1:colcon.colcon_core.environment:checking '/home/kand0007/ros_ws/src/Intelligent-Robotics-Final-Project/install/sec_tour_guide/lib'
[1.551s] Level 1:colcon.colcon_core.environment:checking '/home/kand0007/ros_ws/src/Intelligent-Robotics-Final-Project/install/sec_tour_guide/bin'
[1.551s] Level 1:colcon.colcon_core.environment:checking '/home/kand0007/ros_ws/src/Intelligent-Robotics-Final-Project/install/sec_tour_guide/lib/pkgconfig/sec_tour_guide.pc'
[1.551s] Level 1:colcon.colcon_core.environment:checking '/home/kand0007/ros_ws/src/Intelligent-Robotics-Final-Project/install/sec_tour_guide/lib/python3.12/site-packages'
[1.551s] Level 1:colcon.colcon_core.shell:create_environment_hook('sec_tour_guide', 'pythonpath')
[1.552s] INFO:colcon.colcon_core.shell:Creating environment hook '/home/kand0007/ros_ws/src/Intelligent-Robotics-Final-Project/install/sec_tour_guide/share/sec_tour_guide/hook/pythonpath.ps1'
[1.552s] INFO:colcon.colcon_core.shell:Creating environment descriptor '/home/kand0007/ros_ws/src/Intelligent-Robotics-Final-Project/install/sec_tour_guide/share/sec_tour_guide/hook/pythonpath.dsv'
[1.552s] INFO:colcon.colcon_core.shell:Creating environment hook '/home/kand0007/ros_ws/src/Intelligent-Robotics-Final-Project/install/sec_tour_guide/share/sec_tour_guide/hook/pythonpath.sh'
[1.553s] Level 1:colcon.colcon_core.environment:checking '/home/kand0007/ros_ws/src/Intelligent-Robotics-Final-Project/install/sec_tour_guide/bin'
[1.553s] Level 1:colcon.colcon_core.environment:create_environment_scripts_only(sec_tour_guide)
[1.553s] INFO:colcon.colcon_core.shell:Creating package script '/home/kand0007/ros_ws/src/Intelligent-Robotics-Final-Project/install/sec_tour_guide/share/sec_tour_guide/package.ps1'
[1.554s] INFO:colcon.colcon_core.shell:Creating package descriptor '/home/kand0007/ros_ws/src/Intelligent-Robotics-Final-Project/install/sec_tour_guide/share/sec_tour_guide/package.dsv'
[1.554s] INFO:colcon.colcon_core.shell:Creating package script '/home/kand0007/ros_ws/src/Intelligent-Robotics-Final-Project/install/sec_tour_guide/share/sec_tour_guide/package.sh'
[1.554s] INFO:colcon.colcon_core.shell:Creating package script '/home/kand0007/ros_ws/src/Intelligent-Robotics-Final-Project/install/sec_tour_guide/share/sec_tour_guide/package.bash'
[1.555s] INFO:colcon.colcon_core.shell:Creating package script '/home/kand0007/ros_ws/src/Intelligent-Robotics-Final-Project/install/sec_tour_guide/share/sec_tour_guide/package.zsh'
[1.555s] Level 1:colcon.colcon_core.environment:create_file_with_runtime_dependencies(/home/kand0007/ros_ws/src/Intelligent-Robotics-Final-Project/install/sec_tour_guide/share/colcon-core/packages/sec_tour_guide)
[1.555s] DEBUG:colcon.colcon_parallel_executor.executor.parallel:closing loop
[1.556s] DEBUG:colcon.colcon_parallel_executor.executor.parallel:loop closed
[1.556s] DEBUG:colcon.colcon_parallel_executor.executor.parallel:run_until_complete finished with '0'
[1.556s] DEBUG:colcon.colcon_core.event_reactor:joining thread
[1.560s] INFO:colcon.colcon_core.plugin_system:Skipping extension 'colcon_notification.desktop_notification.terminal_notifier': Not used on non-Darwin systems
[1.560s] INFO:colcon.colcon_core.plugin_system:Skipping extension 'colcon_notification.desktop_notification.win32': Not used on non-Windows systems
[1.560s] INFO:colcon.colcon_notification.desktop_notification:Sending desktop notification using 'notify2'
[1.570s] DEBUG:colcon.colcon_core.event_reactor:joined thread
[1.570s] INFO:colcon.colcon_core.shell:Creating prefix script '/home/kand0007/ros_ws/src/Intelligent-Robotics-Final-Project/install/local_setup.ps1'
[1.571s] INFO:colcon.colcon_core.shell:Creating prefix util module '/home/kand0007/ros_ws/src/Intelligent-Robotics-Final-Project/install/_local_setup_util_ps1.py'
[1.572s] INFO:colcon.colcon_core.shell:Creating prefix chain script '/home/kand0007/ros_ws/src/Intelligent-Robotics-Final-Project/install/setup.ps1'
[1.572s] INFO:colcon.colcon_core.shell:Creating prefix script '/home/kand0007/ros_ws/src/Intelligent-Robotics-Final-Project/install/local_setup.sh'
[1.573s] INFO:colcon.colcon_core.shell:Creating prefix util module '/home/kand0007/ros_ws/src/Intelligent-Robotics-Final-Project/install/_local_setup_util_sh.py'
[1.573s] INFO:colcon.colcon_core.shell:Creating prefix chain script '/home/kand0007/ros_ws/src/Intelligent-Robotics-Final-Project/install/setup.sh'
[1.574s] INFO:colcon.colcon_core.shell:Creating prefix script '/home/kand0007/ros_ws/src/Intelligent-Robotics-Final-Project/install/local_setup.bash'
[1.574s] INFO:colcon.colcon_core.shell:Creating prefix chain script '/home/kand0007/ros_ws/src/Intelligent-Robotics-Final-Project/install/setup.bash'
[1.575s] INFO:colcon.colcon_core.shell:Creating prefix script '/home/kand0007/ros_ws/src/Intelligent-Robotics-Final-Project/install/local_setup.zsh'
[1.575s] INFO:colcon.colcon_core.shell:Creating prefix chain script '/home/kand0007/ros_ws/src/Intelligent-Robotics-Final-Project/install/setup.zsh'
