[1.021s] Invoking command in '/home/kand0007/ros_ws/src/Intelligent-Robotics-Final-Project/src/sec_tour_guide': DEBUGINFOD_URLS=https://debuginfod.ubuntu.com PYTHONPATH=/home/kand0007/ros_ws/src/Intelligent-Robotics-Final-Project/build/sec_tour_guide/prefix_override:/usr/lib/python3/dist-packages/colcon_core/task/python/colcon_distutils_commands:/home/kand0007/ros_ws/src/Intelligent-Robotics-Final-Project/install/sec_tour_guide/lib/python3.12/site-packages:${PYTHONPATH} /usr/bin/python3 -W ignore:setup.py install is deprecated -W ignore:easy_install command is deprecated setup.py egg_info --egg-base ../../build/sec_tour_guide build --build-base /home/kand0007/ros_ws/src/Intelligent-Robotics-Final-Project/build/sec_tour_guide/build install --record /home/kand0007/ros_ws/src/Intelligent-Robotics-Final-Project/build/sec_tour_guide/install.log --single-version-externally-managed install_data
[1.341s] running egg_info
[1.366s] writing ../../build/sec_tour_guide/sec_tour_guide.egg-info/PKG-INFO
[1.366s] writing dependency_links to ../../build/sec_tour_guide/sec_tour_guide.egg-info/dependency_links.txt
[1.366s] writing entry points to ../../build/sec_tour_guide/sec_tour_guide.egg-info/entry_points.txt
[1.366s] writing requirements to ../../build/sec_tour_guide/sec_tour_guide.egg-info/requires.txt
[1.366s] writing top-level names to ../../build/sec_tour_guide/sec_tour_guide.egg-info/top_level.txt
[1.419s] reading manifest file '../../build/sec_tour_guide/sec_tour_guide.egg-info/SOURCES.txt'
[1.420s] writing manifest file '../../build/sec_tour_guide/sec_tour_guide.egg-info/SOURCES.txt'
[1.420s] running build
[1.420s] running build_py
[1.420s] running install
[1.427s] running install_lib
[1.454s] running install_data
[1.454s] copying launch/sim_tour.launch.py -> /home/kand0007/ros_ws/src/Intelligent-Robotics-Final-Project/install/sec_tour_guide/share/sec_tour_guide/launch
[1.454s] running install_egg_info
[1.481s] removing '/home/kand0007/ros_ws/src/Intelligent-Robotics-Final-Project/install/sec_tour_guide/lib/python3.12/site-packages/sec_tour_guide-0.1.0-py3.12.egg-info' (and everything under it)
[1.481s] Copying ../../build/sec_tour_guide/sec_tour_guide.egg-info to /home/kand0007/ros_ws/src/Intelligent-Robotics-Final-Project/install/sec_tour_guide/lib/python3.12/site-packages/sec_tour_guide-0.1.0-py3.12.egg-info
[1.482s] running install_scripts
[1.662s] Installing group_tracker script to /home/kand0007/ros_ws/src/Intelligent-Robotics-Final-Project/install/sec_tour_guide/lib/sec_tour_guide
[1.662s] Installing safety_monitor script to /home/kand0007/ros_ws/src/Intelligent-Robotics-Final-Project/install/sec_tour_guide/lib/sec_tour_guide
[1.662s] Installing tour_state_machine script to /home/kand0007/ros_ws/src/Intelligent-Robotics-Final-Project/install/sec_tour_guide/lib/sec_tour_guide
[1.663s] writing list of installed files to '/home/kand0007/ros_ws/src/Intelligent-Robotics-Final-Project/build/sec_tour_guide/install.log'
[1.693s] Invoked command in '/home/kand0007/ros_ws/src/Intelligent-Robotics-Final-Project/src/sec_tour_guide' returned '0': DEBUGINFOD_URLS=https://debuginfod.ubuntu.com PYTHONPATH=/home/kand0007/ros_ws/src/Intelligent-Robotics-Final-Project/build/sec_tour_guide/prefix_override:/usr/lib/python3/dist-packages/colcon_core/task/python/colcon_distutils_commands:/home/kand0007/ros_ws/src/Intelligent-Robotics-Final-Project/install/sec_tour_guide/lib/python3.12/site-packages:${PYTHONPATH} /usr/bin/python3 -W ignore:setup.py install is deprecated -W ignore:easy_install command is deprecated setup.py egg_info --egg-base ../../build/sec_tour_guide build --build-base /home/kand0007/ros_ws/src/Intelligent-Robotics-Final-Project/build/sec_tour_guide/build install --record /home/kand0007/ros_ws/src/Intelligent-Robotics-Final-Project/build/sec_tour_guide/install.log --single-version-externally-managed install_data
