running egg_info
creating ../../build/sec_tour_guide/sec_tour_guide.egg-info
writing ../../build/sec_tour_guide/sec_tour_guide.egg-info/PKG-INFO
writing dependency_links to ../../build/sec_tour_guide/sec_tour_guide.egg-info/dependency_links.txt
writing entry points to ../../build/sec_tour_guide/sec_tour_guide.egg-info/entry_points.txt
writing requirements to ../../build/sec_tour_guide/sec_tour_guide.egg-info/requires.txt
writing top-level names to ../../build/sec_tour_guide/sec_tour_guide.egg-info/top_level.txt
writing manifest file '../../build/sec_tour_guide/sec_tour_guide.egg-info/SOURCES.txt'
reading manifest file '../../build/sec_tour_guide/sec_tour_guide.egg-info/SOURCES.txt'
writing manifest file '../../build/sec_tour_guide/sec_tour_guide.egg-info/SOURCES.txt'
running build
running build_py
creating /home/kand0007/ros_ws/src/Intelligent-Robotics-Final-Project/build/sec_tour_guide/build
creating /home/kand0007/ros_ws/src/Intelligent-Robotics-Final-Project/build/sec_tour_guide/build/lib
creating /home/kand0007/ros_ws/src/Intelligent-Robotics-Final-Project/build/sec_tour_guide/build/lib/sec_tour_guide
copying sec_tour_guide/safety_monitor.py -> /home/kand0007/ros_ws/src/Intelligent-Robotics-Final-Project/build/sec_tour_guide/build/lib/sec_tour_guide
copying sec_tour_guide/tour_state_machine.py -> /home/kand0007/ros_ws/src/Intelligent-Robotics-Final-Project/build/sec_tour_guide/build/lib/sec_tour_guide
copying sec_tour_guide/__init__.py -> /home/kand0007/ros_ws/src/Intelligent-Robotics-Final-Project/build/sec_tour_guide/build/lib/sec_tour_guide
creating /home/kand0007/ros_ws/src/Intelligent-Robotics-Final-Project/build/sec_tour_guide/build/lib/sec_tour_guide/utils
copying sec_tour_guide/utils/__init__.py -> /home/kand0007/ros_ws/src/Intelligent-Robotics-Final-Project/build/sec_tour_guide/build/lib/sec_tour_guide/utils
copying sec_tour_guide/utils/constants.py -> /home/kand0007/ros_ws/src/Intelligent-Robotics-Final-Project/build/sec_tour_guide/build/lib/sec_tour_guide/utils
copying sec_tour_guide/utils/geometry.py -> /home/kand0007/ros_ws/src/Intelligent-Robotics-Final-Project/build/sec_tour_guide/build/lib/sec_tour_guide/utils
running install
running install_lib
creating /home/kand0007/ros_ws/src/Intelligent-Robotics-Final-Project/install/sec_tour_guide/lib/python3.12/site-packages/sec_tour_guide
copying /home/kand0007/ros_ws/src/Intelligent-Robotics-Final-Project/build/sec_tour_guide/build/lib/sec_tour_guide/safety_monitor.py -> /home/kand0007/ros_ws/src/Intelligent-Robotics-Final-Project/install/sec_tour_guide/lib/python3.12/site-packages/sec_tour_guide
copying /home/kand0007/ros_ws/src/Intelligent-Robotics-Final-Project/build/sec_tour_guide/build/lib/sec_tour_guide/tour_state_machine.py -> /home/kand0007/ros_ws/src/Intelligent-Robotics-Final-Project/install/sec_tour_guide/lib/python3.12/site-packages/sec_tour_guide
copying /home/kand0007/ros_ws/src/Intelligent-Robotics-Final-Project/build/sec_tour_guide/build/lib/sec_tour_guide/__init__.py -> /home/kand0007/ros_ws/src/Intelligent-Robotics-Final-Project/install/sec_tour_guide/lib/python3.12/site-packages/sec_tour_guide
creating /home/kand0007/ros_ws/src/Intelligent-Robotics-Final-Project/install/sec_tour_guide/lib/python3.12/site-packages/sec_tour_guide/utils
copying /home/kand0007/ros_ws/src/Intelligent-Robotics-Final-Project/build/sec_tour_guide/build/lib/sec_tour_guide/utils/__init__.py -> /home/kand0007/ros_ws/src/Intelligent-Robotics-Final-Project/install/sec_tour_guide/lib/python3.12/site-packages/sec_tour_guide/utils
copying /home/kand0007/ros_ws/src/Intelligent-Robotics-Final-Project/build/sec_tour_guide/build/lib/sec_tour_guide/utils/constants.py -> /home/kand0007/ros_ws/src/Intelligent-Robotics-Final-Project/install/sec_tour_guide/lib/python3.12/site-packages/sec_tour_guide/utils
copying /home/kand0007/ros_ws/src/Intelligent-Robotics-Final-Project/build/sec_tour_guide/build/lib/sec_tour_guide/utils/geometry.py -> /home/kand0007/ros_ws/src/Intelligent-Robotics-Final-Project/install/sec_tour_guide/lib/python3.12/site-packages/sec_tour_guide/utils
byte-compiling /home/kand0007/ros_ws/src/Intelligent-Robotics-Final-Project/install/sec_tour_guide/lib/python3.12/site-packages/sec_tour_guide/safety_monitor.py to safety_monitor.cpython-312.pyc
byte-compiling /home/kand0007/ros_ws/src/Intelligent-Robotics-Final-Project/install/sec_tour_guide/lib/python3.12/site-packages/sec_tour_guide/tour_state_machine.py to tour_state_machine.cpython-312.pyc
byte-compiling /home/kand0007/ros_ws/src/Intelligent-Robotics-Final-Project/install/sec_tour_guide/lib/python3.12/site-packages/sec_tour_guide/__init__.py to __init__.cpython-312.pyc
byte-compiling /home/kand0007/ros_ws/src/Intelligent-Robotics-Final-Project/install/sec_tour_guide/lib/python3.12/site-packages/sec_tour_guide/utils/__init__.py to __init__.cpython-312.pyc
byte-compiling /home/kand0007/ros_ws/src/Intelligent-Robotics-Final-Project/install/sec_tour_guide/lib/python3.12/site-packages/sec_tour_guide/utils/constants.py to constants.cpython-312.pyc
byte-compiling /home/kand0007/ros_ws/src/Intelligent-Robotics-Final-Project/install/sec_tour_guide/lib/python3.12/site-packages/sec_tour_guide/utils/geometry.py to geometry.cpython-312.pyc
running install_data
creating /home/kand0007/ros_ws/src/Intelligent-Robotics-Final-Project/install/sec_tour_guide/share/ament_index
creating /home/kand0007/ros_ws/src/Intelligent-Robotics-Final-Project/install/sec_tour_guide/share/ament_index/resource_index
creating /home/kand0007/ros_ws/src/Intelligent-Robotics-Final-Project/install/sec_tour_guide/share/ament_index/resource_index/packages
copying resource/sec_tour_guide -> /home/kand0007/ros_ws/src/Intelligent-Robotics-Final-Project/install/sec_tour_guide/share/ament_index/resource_index/packages
copying package.xml -> /home/kand0007/ros_ws/src/Intelligent-Robotics-Final-Project/install/sec_tour_guide/share/sec_tour_guide
creating /home/kand0007/ros_ws/src/Intelligent-Robotics-Final-Project/install/sec_tour_guide/share/sec_tour_guide/config
copying config/slam_toolbox_params.yaml -> /home/kand0007/ros_ws/src/Intelligent-Robotics-Final-Project/install/sec_tour_guide/share/sec_tour_guide/config
copying config/twist_mux.yaml -> /home/kand0007/ros_ws/src/Intelligent-Robotics-Final-Project/install/sec_tour_guide/share/sec_tour_guide/config
copying config/nav2_params.yaml -> /home/kand0007/ros_ws/src/Intelligent-Robotics-Final-Project/install/sec_tour_guide/share/sec_tour_guide/config
creating /home/kand0007/ros_ws/src/Intelligent-Robotics-Final-Project/install/sec_tour_guide/share/sec_tour_guide/launch
copying launch/sim_tour.launch.py -> /home/kand0007/ros_ws/src/Intelligent-Robotics-Final-Project/install/sec_tour_guide/share/sec_tour_guide/launch
creating /home/kand0007/ros_ws/src/Intelligent-Robotics-Final-Project/install/sec_tour_guide/share/sec_tour_guide/worlds
creating /home/kand0007/ros_ws/src/Intelligent-Robotics-Final-Project/install/sec_tour_guide/share/sec_tour_guide/worlds/models
creating /home/kand0007/ros_ws/src/Intelligent-Robotics-Final-Project/install/sec_tour_guide/share/sec_tour_guide/worlds/models/person_cylinder
creating /home/kand0007/ros_ws/src/Intelligent-Robotics-Final-Project/install/sec_tour_guide/share/sec_tour_guide/maps
creating /home/kand0007/ros_ws/src/Intelligent-Robotics-Final-Project/install/sec_tour_guide/share/sec_tour_guide/rviz
running install_egg_info
Copying ../../build/sec_tour_guide/sec_tour_guide.egg-info to /home/kand0007/ros_ws/src/Intelligent-Robotics-Final-Project/install/sec_tour_guide/lib/python3.12/site-packages/sec_tour_guide-0.1.0-py3.12.egg-info
running install_scripts
Installing group_tracker script to /home/kand0007/ros_ws/src/Intelligent-Robotics-Final-Project/install/sec_tour_guide/lib/sec_tour_guide
Installing safety_monitor script to /home/kand0007/ros_ws/src/Intelligent-Robotics-Final-Project/install/sec_tour_guide/lib/sec_tour_guide
Installing tour_state_machine script to /home/kand0007/ros_ws/src/Intelligent-Robotics-Final-Project/install/sec_tour_guide/lib/sec_tour_guide
writing list of installed files to '/home/kand0007/ros_ws/src/Intelligent-Robotics-Final-Project/build/sec_tour_guide/install.log'
