[0.816s] Invoking command in '/home/kand0007/ros_ws/src/Intelligent-Robotics-Final-Project/src/sec_tour_guide': DEBUGINFOD_URLS=https://debuginfod.ubuntu.com PYTHONPATH=/home/kand0007/ros_ws/src/Intelligent-Robotics-Final-Project/build/sec_tour_guide/prefix_override:/usr/lib/python3/dist-packages/colcon_core/task/python/colcon_distutils_commands:/home/kand0007/ros_ws/src/Intelligent-Robotics-Final-Project/install/sec_tour_guide/lib/python3.12/site-packages:${PYTHONPATH} /usr/bin/python3 -W ignore:setup.py install is deprecated -W ignore:easy_install command is deprecated setup.py egg_info --egg-base ../../build/sec_tour_guide build --build-base /home/kand0007/ros_ws/src/Intelligent-Robotics-Final-Project/build/sec_tour_guide/build install --record /home/kand0007/ros_ws/src/Intelligent-Robotics-Final-Project/build/sec_tour_guide/install.log --single-version-externally-managed install_data
[1.082s] running egg_info
[1.082s] creating ../../build/sec_tour_guide/sec_tour_guide.egg-info
[1.103s] writing ../../build/sec_tour_guide/sec_tour_guide.egg-info/PKG-INFO
[1.103s] writing dependency_links to ../../build/sec_tour_guide/sec_tour_guide.egg-info/dependency_links.txt
[1.103s] writing entry points to ../../build/sec_tour_guide/sec_tour_guide.egg-info/entry_points.txt
[1.103s] writing requirements to ../../build/sec_tour_guide/sec_tour_guide.egg-info/requires.txt
[1.103s] writing top-level names to ../../build/sec_tour_guide/sec_tour_guide.egg-info/top_level.txt
[1.104s] writing manifest file '../../build/sec_tour_guide/sec_tour_guide.egg-info/SOURCES.txt'
[1.149s] reading manifest file '../../build/sec_tour_guide/sec_tour_guide.egg-info/SOURCES.txt'
[1.150s] writing manifest file '../../build/sec_tour_guide/sec_tour_guide.egg-info/SOURCES.txt'
[1.150s] running build
[1.150s] running build_py
[1.151s] creating /home/kand0007/ros_ws/src/Intelligent-Robotics-Final-Project/build/sec_tour_guide/build
[1.151s] creating /home/kand0007/ros_ws/src/Intelligent-Robotics-Final-Project/build/sec_tour_guide/build/lib
[1.151s] creating /home/kand0007/ros_ws/src/Intelligent-Robotics-Final-Project/build/sec_tour_guide/build/lib/sec_tour_guide
[1.151s] copying sec_tour_guide/safety_monitor.py -> /home/kand0007/ros_ws/src/Intelligent-Robotics-Final-Project/build/sec_tour_guide/build/lib/sec_tour_guide
[1.151s] copying sec_tour_guide/tour_state_machine.py -> /home/kand0007/ros_ws/src/Intelligent-Robotics-Final-Project/build/sec_tour_guide/build/lib/sec_tour_guide
[1.151s] copying sec_tour_guide/__init__.py -> /home/kand0007/ros_ws/src/Intelligent-Robotics-Final-Project/build/sec_tour_guide/build/lib/sec_tour_guide
[1.151s] creating /home/kand0007/ros_ws/src/Intelligent-Robotics-Final-Project/build/sec_tour_guide/build/lib/sec_tour_guide/utils
[1.151s] copying sec_tour_guide/utils/__init__.py -> /home/kand0007/ros_ws/src/Intelligent-Robotics-Final-Project/build/sec_tour_guide/build/lib/sec_tour_guide/utils
[1.151s] copying sec_tour_guide/utils/constants.py -> /home/kand0007/ros_ws/src/Intelligent-Robotics-Final-Project/build/sec_tour_guide/build/lib/sec_tour_guide/utils
[1.151s] copying sec_tour_guide/utils/geometry.py -> /home/kand0007/ros_ws/src/Intelligent-Robotics-Final-Project/build/sec_tour_guide/build/lib/sec_tour_guide/utils
[1.151s] running install
[1.156s] running install_lib
[1.179s] creating /home/kand0007/ros_ws/src/Intelligent-Robotics-Final-Project/install/sec_tour_guide/lib/python3.12/site-packages/sec_tour_guide
[1.179s] copying /home/kand0007/ros_ws/src/Intelligent-Robotics-Final-Project/build/sec_tour_guide/build/lib/sec_tour_guide/safety_monitor.py -> /home/kand0007/ros_ws/src/Intelligent-Robotics-Final-Project/install/sec_tour_guide/lib/python3.12/site-packages/sec_tour_guide
[1.179s] copying /home/kand0007/ros_ws/src/Intelligent-Robotics-Final-Project/build/sec_tour_guide/build/lib/sec_tour_guide/tour_state_machine.py -> /home/kand0007/ros_ws/src/Intelligent-Robotics-Final-Project/install/sec_tour_guide/lib/python3.12/site-packages/sec_tour_guide
[1.179s] copying /home/kand0007/ros_ws/src/Intelligent-Robotics-Final-Project/build/sec_tour_guide/build/lib/sec_tour_guide/__init__.py -> /home/kand0007/ros_ws/src/Intelligent-Robotics-Final-Project/install/sec_tour_guide/lib/python3.12/site-packages/sec_tour_guide
[1.179s] creating /home/kand0007/ros_ws/src/Intelligent-Robotics-Final-Project/install/sec_tour_guide/lib/python3.12/site-packages/sec_tour_guide/utils
[1.180s] copying /home/kand0007/ros_ws/src/Intelligent-Robotics-Final-Project/build/sec_tour_guide/build/lib/sec_tour_guide/utils/__init__.py -> /home/kand0007/ros_ws/src/Intelligent-Robotics-Final-Project/install/sec_tour_guide/lib/python3.12/site-packages/sec_tour_guide/utils
[1.180s] copying /home/kand0007/ros_ws/src/Intelligent-Robotics-Final-Project/build/sec_tour_guide/build/lib/sec_tour_guide/utils/constants.py -> /home/kand0007/ros_ws/src/Intelligent-Robotics-Final-Project/install/sec_tour_guide/lib/python3.12/site-packages/sec_tour_guide/utils
[1.180s] copying /home/kand0007/ros_ws/src/Intelligent-Robotics-Final-Project/build/sec_tour_guide/build/lib/sec_tour_guide/utils/geometry.py -> /home/kand0007/ros_ws/src/Intelligent-Robotics-Final-Project/install/sec_tour_guide/lib/python3.12/site-packages/sec_tour_guide/utils
[1.180s] byte-compiling /home/kand0007/ros_ws/src/Intelligent-Robotics-Final-Project/install/sec_tour_guide/lib/python3.12/site-packages/sec_tour_guide/safety_monitor.py to safety_monitor.cpython-312.pyc
[1.180s] byte-compiling /home/kand0007/ros_ws/src/Intelligent-Robotics-Final-Project/install/sec_tour_guide/lib/python3.12/site-packages/sec_tour_guide/tour_state_machine.py to tour_state_machine.cpython-312.pyc
[1.181s] byte-compiling /home/kand0007/ros_ws/src/Intelligent-Robotics-Final-Project/install/sec_tour_guide/lib/python3.12/site-packages/sec_tour_guide/__init__.py to __init__.cpython-312.pyc
[1.181s] byte-compiling /home/kand0007/ros_ws/src/Intelligent-Robotics-Final-Project/install/sec_tour_guide/lib/python3.12/site-packages/sec_tour_guide/utils/__init__.py to __init__.cpython-312.pyc
[1.181s] byte-compiling /home/kand0007/ros_ws/src/Intelligent-Robotics-Final-Project/install/sec_tour_guide/lib/python3.12/site-packages/sec_tour_guide/utils/constants.py to constants.cpython-312.pyc
[1.181s] byte-compiling /home/kand0007/ros_ws/src/Intelligent-Robotics-Final-Project/install/sec_tour_guide/lib/python3.12/site-packages/sec_tour_guide/utils/geometry.py to geometry.cpython-312.pyc
[1.182s] running install_data
[1.182s] creating /home/kand0007/ros_ws/src/Intelligent-Robotics-Final-Project/install/sec_tour_guide/share/ament_index
[1.182s] creating /home/kand0007/ros_ws/src/Intelligent-Robotics-Final-Project/install/sec_tour_guide/share/ament_index/resource_index
[1.182s] creating /home/kand0007/ros_ws/src/Intelligent-Robotics-Final-Project/install/sec_tour_guide/share/ament_index/resource_index/packages
[1.182s] copying resource/sec_tour_guide -> /home/kand0007/ros_ws/src/Intelligent-Robotics-Final-Project/install/sec_tour_guide/share/ament_index/resource_index/packages
[1.182s] copying package.xml -> /home/kand0007/ros_ws/src/Intelligent-Robotics-Final-Project/install/sec_tour_guide/share/sec_tour_guide
[1.182s] creating /home/kand0007/ros_ws/src/Intelligent-Robotics-Final-Project/install/sec_tour_guide/share/sec_tour_guide/config
[1.182s] copying config/slam_toolbox_params.yaml -> /home/kand0007/ros_ws/src/Intelligent-Robotics-Final-Project/install/sec_tour_guide/share/sec_tour_guide/config
[1.182s] copying config/twist_mux.yaml -> /home/kand0007/ros_ws/src/Intelligent-Robotics-Final-Project/install/sec_tour_guide/share/sec_tour_guide/config
[1.182s] copying config/nav2_params.yaml -> /home/kand0007/ros_ws/src/Intelligent-Robotics-Final-Project/install/sec_tour_guide/share/sec_tour_guide/config
[1.182s] creating /home/kand0007/ros_ws/src/Intelligent-Robotics-Final-Project/install/sec_tour_guide/share/sec_tour_guide/launch
[1.182s] copying launch/sim_tour.launch.py -> /home/kand0007/ros_ws/src/Intelligent-Robotics-Final-Project/install/sec_tour_guide/share/sec_tour_guide/launch
[1.182s] creating /home/kand0007/ros_ws/src/Intelligent-Robotics-Final-Project/install/sec_tour_guide/share/sec_tour_guide/worlds
[1.183s] creating /home/kand0007/ros_ws/src/Intelligent-Robotics-Final-Project/install/sec_tour_guide/share/sec_tour_guide/worlds/models
[1.183s] creating /home/kand0007/ros_ws/src/Intelligent-Robotics-Final-Project/install/sec_tour_guide/share/sec_tour_guide/worlds/models/person_cylinder
[1.183s] creating /home/kand0007/ros_ws/src/Intelligent-Robotics-Final-Project/install/sec_tour_guide/share/sec_tour_guide/maps
[1.183s] creating /home/kand0007/ros_ws/src/Intelligent-Robotics-Final-Project/install/sec_tour_guide/share/sec_tour_guide/rviz
[1.183s] running install_egg_info
[1.207s] Copying ../../build/sec_tour_guide/sec_tour_guide.egg-info to /home/kand0007/ros_ws/src/Intelligent-Robotics-Final-Project/install/sec_tour_guide/lib/python3.12/site-packages/sec_tour_guide-0.1.0-py3.12.egg-info
[1.207s] running install_scripts
[1.357s] Installing group_tracker script to /home/kand0007/ros_ws/src/Intelligent-Robotics-Final-Project/install/sec_tour_guide/lib/sec_tour_guide
[1.358s] Installing safety_monitor script to /home/kand0007/ros_ws/src/Intelligent-Robotics-Final-Project/install/sec_tour_guide/lib/sec_tour_guide
[1.358s] Installing tour_state_machine script to /home/kand0007/ros_ws/src/Intelligent-Robotics-Final-Project/install/sec_tour_guide/lib/sec_tour_guide
[1.358s] writing list of installed files to '/home/kand0007/ros_ws/src/Intelligent-Robotics-Final-Project/build/sec_tour_guide/install.log'
[1.376s] Invoked command in '/home/kand0007/ros_ws/src/Intelligent-Robotics-Final-Project/src/sec_tour_guide' returned '0': DEBUGINFOD_URLS=https://debuginfod.ubuntu.com PYTHONPATH=/home/kand0007/ros_ws/src/Intelligent-Robotics-Final-Project/build/sec_tour_guide/prefix_override:/usr/lib/python3/dist-packages/colcon_core/task/python/colcon_distutils_commands:/home/kand0007/ros_ws/src/Intelligent-Robotics-Final-Project/install/sec_tour_guide/lib/python3.12/site-packages:${PYTHONPATH} /usr/bin/python3 -W ignore:setup.py install is deprecated -W ignore:easy_install command is deprecated setup.py egg_info --egg-base ../../build/sec_tour_guide build --build-base /home/kand0007/ros_ws/src/Intelligent-Robotics-Final-Project/build/sec_tour_guide/build install --record /home/kand0007/ros_ws/src/Intelligent-Robotics-Final-Project/build/sec_tour_guide/install.log --single-version-externally-managed install_data
