[0.900s] Invoking command in '/home/kand0007/ros_ws/src/Intelligent-Robotics-Final-Project/src/sec_tour_guide': DEBUGINFOD_URLS=https://debuginfod.ubuntu.com PYTHONPATH=/home/kand0007/ros_ws/src/Intelligent-Robotics-Final-Project/build/sec_tour_guide/prefix_override:/usr/lib/python3/dist-packages/colcon_core/task/python/colcon_distutils_commands:/home/kand0007/ros_ws/src/Intelligent-Robotics-Final-Project/install/sec_tour_guide/lib/python3.12/site-packages:${PYTHONPATH} /usr/bin/python3 -W ignore:setup.py install is deprecated -W ignore:easy_install command is deprecated setup.py egg_info --egg-base ../../build/sec_tour_guide build --build-base /home/kand0007/ros_ws/src/Intelligent-Robotics-Final-Project/build/sec_tour_guide/build install --record /home/kand0007/ros_ws/src/Intelligent-Robotics-Final-Project/build/sec_tour_guide/install.log --single-version-externally-managed install_data
[1.169s] running egg_info
[1.190s] writing ../../build/sec_tour_guide/sec_tour_guide.egg-info/PKG-INFO
[1.190s] writing dependency_links to ../../build/sec_tour_guide/sec_tour_guide.egg-info/dependency_links.txt
[1.190s] writing entry points to ../../build/sec_tour_guide/sec_tour_guide.egg-info/entry_points.txt
[1.190s] writing requirements to ../../build/sec_tour_guide/sec_tour_guide.egg-info/requires.txt
[1.190s] writing top-level names to ../../build/sec_tour_guide/sec_tour_guide.egg-info/top_level.txt
[1.236s] reading manifest file '../../build/sec_tour_guide/sec_tour_guide.egg-info/SOURCES.txt'
[1.237s] writing manifest file '../../build/sec_tour_guide/sec_tour_guide.egg-info/SOURCES.txt'
[1.237s] running build
[1.237s] running build_py
[1.238s] running install
[1.242s] running install_lib
[1.265s] running install_data
[1.266s] copying launch/sim_tour.launch.py -> /home/kand0007/ros_ws/src/Intelligent-Robotics-Final-Project/install/sec_tour_guide/share/sec_tour_guide/launch
[1.266s] running install_egg_info
[1.289s] removing '/home/kand0007/ros_ws/src/Intelligent-Robotics-Final-Project/install/sec_tour_guide/lib/python3.12/site-packages/sec_tour_guide-0.1.0-py3.12.egg-info' (and everything under it)
[1.290s] Copying ../../build/sec_tour_guide/sec_tour_guide.egg-info to /home/kand0007/ros_ws/src/Intelligent-Robotics-Final-Project/install/sec_tour_guide/lib/python3.12/site-packages/sec_tour_guide-0.1.0-py3.12.egg-info
[1.290s] running install_scripts
[1.441s] Installing group_tracker script to /home/kand0007/ros_ws/src/Intelligent-Robotics-Final-Project/install/sec_tour_guide/lib/sec_tour_guide
[1.441s] Installing safety_monitor script to /home/kand0007/ros_ws/src/Intelligent-Robotics-Final-Project/install/sec_tour_guide/lib/sec_tour_guide
[1.442s] Installing tour_state_machine script to /home/kand0007/ros_ws/src/Intelligent-Robotics-Final-Project/install/sec_tour_guide/lib/sec_tour_guide
[1.442s] writing list of installed files to '/home/kand0007/ros_ws/src/Intelligent-Robotics-Final-Project/build/sec_tour_guide/install.log'
[1.462s] Invoked command in '/home/kand0007/ros_ws/src/Intelligent-Robotics-Final-Project/src/sec_tour_guide' returned '0': DEBUGINFOD_URLS=https://debuginfod.ubuntu.com PYTHONPATH=/home/kand0007/ros_ws/src/Intelligent-Robotics-Final-Project/build/sec_tour_guide/prefix_override:/usr/lib/python3/dist-packages/colcon_core/task/python/colcon_distutils_commands:/home/kand0007/ros_ws/src/Intelligent-Robotics-Final-Project/install/sec_tour_guide/lib/python3.12/site-packages:${PYTHONPATH} /usr/bin/python3 -W ignore:setup.py install is deprecated -W ignore:easy_install command is deprecated setup.py egg_info --egg-base ../../build/sec_tour_guide build --build-base /home/kand0007/ros_ws/src/Intelligent-Robotics-Final-Project/build/sec_tour_guide/build install --record /home/kand0007/ros_ws/src/Intelligent-Robotics-Final-Project/build/sec_tour_guide/install.log --single-version-externally-managed install_data
